// Jest Snapshot v1, https://goo.gl/fbAQLP

exports[`MainPage Component renders correctly 1`] = `
<div
  className="min-h-screen bg-gray-900 text-white flex flex-col items-center justify-start pt-20 p-4"
>
  <h1
    className="text-4xl font-extrabold mb-4 mt-16"
  >
    PROFILES
  </h1>
  <div
    className="w-full max-w-6xl p-4 grid grid-cols-1 md:grid-cols-2 lg:grid-cols-3 gap-6"
  >
    <a
      className="shadow-lg rounded-lg overflow-hidden transition duration-300 ease-in-out transform hover:scale-105 hover:shadow-2xl"
      href="/app/profile/User1"
      onClick={[Function]}
    >
      <div
        className="bg-gradient-to-r flex flex-col from-gray-700 h-64 items-center justify-center p-4 rounded-lg text-white to-gray-900 via-gray-800 w-64"
      >
        <img
          alt="Default Profile"
          className="h-24 mb-4 object-cover rounded-full w-24"
          src="https://picsum.photos/200"
        />
        <h1
          className="font-bold mb-2 text-xl"
        >
           
        </h1>
        <h2
          className="max-h-10 mb-2 text-xs"
        />
      </div>
    </a>
    <a
      className="shadow-lg rounded-lg overflow-hidden transition duration-300 ease-in-out transform hover:scale-105 hover:shadow-2xl"
      href="/app/profile/User2"
      onClick={[Function]}
    >
      <div
        className="bg-gradient-to-r flex flex-col from-gray-700 h-64 items-center justify-center p-4 rounded-lg text-white to-gray-900 via-gray-800 w-64"
      >
        <img
          alt="Default Profile"
          className="h-24 mb-4 object-cover rounded-full w-24"
          src="https://picsum.photos/200"
        />
        <h1
          className="font-bold mb-2 text-xl"
        >
           
        </h1>
        <h2
          className="max-h-10 mb-2 text-xs"
        />
      </div>
    </a>
  </div>
</div>
`;
