// Jest Snapshot v1, https://goo.gl/fbAQLP

exports[`MainPage Component renders correctly 1`] = `
[
  <div
    className="min-h-screen bg-gray-100 flex flex-col items-center justify-center"
  >
    <h1
      className="text-4xl font-extrabold mb-4"
    >
      PROFILES
    </h1>
  </div>,
  <div>
    <a
      href="/app/profile/User1"
      onClick={[Function]}
    >
      <div
        className="bg-gray-100 flex flex-col items-center justify-center p-4 rounded-lg shadow-lg"
      >
        <h1
          className="text-4xl font-extrabold mb-4"
        />
        <h2
          className="text-4xl font-extrabold mb-4"
        />
      </div>
    </a>
    <a
      href="/app/profile/User2"
      onClick={[Function]}
    >
      <div
        className="bg-gray-100 flex flex-col items-center justify-center p-4 rounded-lg shadow-lg"
      >
        <h1
          className="text-4xl font-extrabold mb-4"
        />
        <h2
          className="text-4xl font-extrabold mb-4"
        />
      </div>
    </a>
  </div>,
]
`;
