// Jest Snapshot v1, https://goo.gl/fbAQLP

exports[`MainPage Component renders correctly 1`] = `
[
  <div
    className="min-h-screen bg-gray-100 flex flex-col items-center justify-center"
  >
    <h1
      className="text-4xl font-extrabold mb-4"
    >
      PROFILES
    </h1>
  </div>,
  <div>
    <div
      className="min-h-screen bg-gray-100 flex flex-col items-center justify-center"
    >
      <h1
        className="text-4xl font-extrabold mb-4"
      />
      <h2
        className="text-4xl font-extrabold mb-4"
      />
    </div>
    <div
      className="min-h-screen bg-gray-100 flex flex-col items-center justify-center"
    >
      <h1
        className="text-4xl font-extrabold mb-4"
      />
      <h2
        className="text-4xl font-extrabold mb-4"
      />
    </div>
  </div>,
]
`;
