// Jest Snapshot v1, https://goo.gl/fbAQLP

exports[`MainPage Component renders correctly 1`] = `
<div
  className="min-h-screen bg-gray-900 text-white flex flex-col items-center justify-start pt-20 p-4"
>
  <div
    className="sticky mt-20 z-10 bg-gray-900 w-full text-center py-4"
  >
    <h1
      className="text-4xl font-extrabold mb-4"
    >
      Alumni Directory
    </h1>
    <div
      className="flex justify-center space-x-4 mb-4"
    >
      <input
        className="mb-4 p-2 text-gray-900"
        onChange={[Function]}
        placeholder="Search by name"
        type="text"
        value=""
      />
      <input
        className="mb-4 p-2 text-gray-900"
        onChange={[Function]}
        placeholder="Search by company"
        type="text"
        value=""
      />
    </div>
  </div>
  <div
    className="w-full max-w-3xl"
  >
    <div
      className="grid grid-cols-3 text-center mb-2"
    >
      <strong>
        Name
      </strong>
      <strong>
        Company
      </strong>
      <strong>
        Email
      </strong>
    </div>
    <div
      className="overflow-auto"
      style={
        {
          "maxHeight": "60vh",
        }
      }
    />
    <div
      className="py-4 flex justify-between"
    >
      <button
        disabled={true}
        onClick={[Function]}
      >
        Previous
      </button>
      <button
        disabled={true}
        onClick={[Function]}
      >
        Next
      </button>
    </div>
  </div>
</div>
`;
