// Jest Snapshot v1, https://goo.gl/fbAQLP

exports[`MainPage Component renders correctly 1`] = `
<div
  className="min-h-screen bg-gray-100 flex flex-col items-center justify-center"
>
  <h1
    className="text-4xl font-extrabold mb-4"
  >
    Directory Page
  </h1>
  <h1>
    Welcome 
     !
  </h1>
</div>
`;
