// Jest Snapshot v1, https://goo.gl/fbAQLP

exports[`Navbar Component renders correctly 1`] = `
<div
  className="bg-rose-300 p-4 md:p-6 flex items-center w-full justify-center"
>
  <div
    className="flex space-x-4 md:space-x-6 justify-between w-2/3 md:w-1/2"
  >
    <a
      className="text-teal-600 hover:text-teal-800 transition transform hover:scale-105"
      href="/app/main"
      onClick={[Function]}
    >
      MainPage
    </a>
    <a
      className="text-teal-600 hover:text-teal-800 transition transform hover:scale-105"
      href="/app/profiles"
      onClick={[Function]}
    >
      Profiles
    </a>
    <a
      className="text-teal-600 hover:text-teal-800 transition transform hover:scale-105"
      href="/app/forums"
      onClick={[Function]}
    >
      Forums
    </a>
    <a
      className="text-teal-600 hover:text-teal-800 transition transform hover:scale-105"
      href="/app/directory"
      onClick={[Function]}
    >
      Directory
    </a>
  </div>
</div>
`;
